
> promogames@1.0.0 dev:backend
> npm run dev -w apps/backend


> @promogames/backend@1.0.0 dev
> nodemon server.js

[33m[nodemon] 3.1.14[39m
[33m[nodemon] to restart at any time, enter `rs`[39m
[33m[nodemon] watching path(s): *.*[39m
[33m[nodemon] watching extensions: js,mjs,cjs,json[39m
[32m[nodemon] starting `node server.js`[39m
◇ injected env (18) from .env // tip: ⌘ enable debugging { debug: true }
◇ injected env (0) from .env // tip: ⌘ multiple files { path: ['.env.local', '.env'] }
◇ injected env (0) from .env // tip: ◈ encrypted .env [www.dotenvx.com]
[PC Reset] Checking monthly reset...
◇ injected env (0) from .env // tip: ◈ encrypted .env [www.dotenvx.com]
🔧 Initializing database...
✅ MySQL Connected Successfully
✅ Database ready
[PC Reset] Not the 1st of month, skipping.
📦 Creating base tables...
✅ users table
✅ games table
✅ quiz_settings table
✅ questions table
✅ options table
🚀 Running migrations...
✅ clients table
✅ canvas_layout table
✅ sounds table
✅ form_fields table
✅ email_templates table
✅ player_sessions table
✅ player_answers table
🔤 Creating crossword tables...
✅ crossword_words table
✅ crossword_settings table
🧩 Creating memory match tables...
✅ memory_settings table
✅ memory_tiles table
🔢 Creating math tables...
✅ math_settings table
✅ math_progress table
🗺️ Creating maze tables...
✅ maze_settings table
✅ maze_progress table
🧩 Creating jigsaw puzzle tables...
✅ jigsaw_settings table
🔍 Creating word search tables...
✅ wordsearch_settings table
✅ wordsearch_words table
💧 Creating pouring water tables...
✅ pouring_settings table
⌨️ Creating speed typer tables...
✅ typer_settings table
✅ typer_words table
🔩 Creating screw & reveal tables...
✅ screw_settings table
✅ tower_settings table
🐍 Creating snake tables...
✅ snake_settings table
🐍 Creating snake & ladder tables...
✅ snake_ladder_settings table
🎲 Creating ludo tables...
✅ ludo_settings table
🎱 Creating Carrom tables...
✅ Carrom_settings table
🎮 Creating tictactoe multiplayer tables...
✅ tictactoe_multi_settings table
🧺 Creating catch tables...
✅ catch_settings table
⚡ Creating reaction tables...
✅ reaction_settings table
🎯 Creating simon tables...
✅ simon_settings table
🔴 Creating connect 4 tables...
✅ connect4_settings table
✅ candyblast_settings table
✅ flappy_settings table
✅ game2048_settings table
✅ game2048_scores table
🔄 Running column migrations...
✅ games.category ENUM covers 50 types
✅ templates table
✅ questions.question_type → VARCHAR(50)
✅ bounce_settings table
✅ bounce_levels table
✅ bounce_objects table
✅ bounce_progress table
✅ space_settings table
✅ space_ships table
✅ space_weapons table
✅ space_enemies table
✅ space_levels table
✅ space_progress table
🎳 Creating bowling tables...
✅ bowling_settings table
🔢 Creating sudoku tables...
✅ sudoku_settings table
💣 Creating minesweeper tables...
✅ minesweeper_settings table
🔤 Creating word scramble tables...
✅ wordscramble_settings table
✅ wordscramble_words table
✊ Creating rock paper scissors tables...
✅ rps_settings table
 arrow escape tables...
✅ arrowescape_settings table
✅ arrowescape_levels table
🧱 Creating brick images table...
✅ brick_images table
💎 Creating bejeweled game tables...
✅ bejeweled_settings table
✅ bejeweled_sessions table
✅ bejeweled_moves table
🧱 Creating tetris tables...
✅ tetris_settings table
✅ tetris_scores table
🏗️ Creating stack tables...
✅ stack_settings table
🔨 Creating whack a mole tables...
✅ whackamole_settings table
✅ whackamole_scores table
🗼 Creating hanoi tower tables...
✅ hanoi_settings table
✅ hanoi_scores table
🧱 Creating breakout tables...
✅ breakout_settings table
✅ breakout_scores table
🫧 Creating bubble shooter tables...
✅ bubbleshooter_settings table
✅ bubbleshooter_scores table
🏎️ Creating car launch tables...
✅ carlaunch_settings table
✅ stressbuster_settings table
✅ soundify_settings table
✅ soundify_songs table
✅ tictactoe_settings table
✅ business_developers table
✅ bd_requests table
✅ business_owners table
✅ business_owner_games table
✅ business_redemptions table
✅ Made business_redemptions.code nullable
✅ Added rejected to business_redemptions.status ENUM
✅ notifications table
✅ chess_settings table
✅ chess_rooms table
✅ chess_moves table
👤 Creating admin user...
ℹ️ Admin already exists
✅ player_best_scores table
✅ Migration completed successfully!
Server running on port 8080
🔄 LibreTranslate not reachable at http://localhost:5050 — starting companion...
⚠️ LibreTranslate did not become ready in time. TTS will fall back to MyMemory/English until it is up.
❌ BO notification email error: Invalid login: 535-5.7.8 Username and Password not accepted. For more information, go to
535 5.7.8  https://support.google.com/mail/?p=BadCredentials a92af1059eb24-142e0d1b38esm25191155c88.3 - gsmtp 
[PC Reset] Checking monthly reset...
[PC Reset] Not the 1st of month, skipping.
[PC Reset] Checking monthly reset...
[PC Reset] Not the 1st of month, skipping.
[PC Reset] Checking monthly reset...
[PC Reset] Not the 1st of month, skipping.
[PC Reset] Checking monthly reset...
[PC Reset] Not the 1st of month, skipping.
[PC Reset] Checking monthly reset...
[PC Reset] Not the 1st of month, skipping.
[PC Reset] Checking monthly reset...
[PC Reset] Not the 1st of month, skipping.
[PC Reset] Checking monthly reset...
[PC Reset] Not the 1st of month, skipping.
[PC Reset] Checking monthly reset...
[PC Reset] Not the 1st of month, skipping.
[PC Reset] Checking monthly reset...
[PC Reset] Not the 1st of month, skipping.
[PC Reset] Checking monthly reset...
[PC Reset] Not the 1st of month, skipping.
[PC Reset] Checking monthly reset...
[PC Reset] Not the 1st of month, skipping.
[PC Reset] Checking monthly reset...
[PC Reset] Not the 1st of month, skipping.
[PC Reset] Checking monthly reset...
[PC Reset] Not the 1st of month, skipping.
[PC Reset] Checking monthly reset...
[PC Reset] Not the 1st of month, skipping.
[PC Reset] Checking monthly reset...
[PC Reset] Not the 1st of month, skipping.
[PC Reset] Checking monthly reset...
[PC Reset] Not the 1st of month, skipping.
[PC Reset] Checking monthly reset...
[PC Reset] Not the 1st of month, skipping.
[PC Reset] Checking monthly reset...
[PC Reset] Not the 1st of month, skipping.
[PC Reset] Checking monthly reset...
[PC Reset] Resetting 6 players...
[PC Reset] ✅ Reset 6 players — 790 total PC zeroed.
[PC Reset] Checking monthly reset...
[PC Reset] Already reset this month, skipping.
[PC Reset] Checking monthly reset...
[PC Reset] Already reset this month, skipping.
[PC Reset] Checking monthly reset...
[PC Reset] Already reset this month, skipping.
[PC Reset] Checking monthly reset...
[PC Reset] Already reset this month, skipping.
[PC Reset] Checking monthly reset...
[PC Reset] Already reset this month, skipping.
[PC Reset] Checking monthly reset...
[PC Reset] Already reset this month, skipping.
[PC Reset] Checking monthly reset...
[PC Reset] Already reset this month, skipping.
[PC Reset] Checking monthly reset...
[PC Reset] Already reset this month, skipping.
[PC Reset] Checking monthly reset...
[PC Reset] Already reset this month, skipping.
[PC Reset] Checking monthly reset...
[PC Reset] Already reset this month, skipping.
[PC Reset] Checking monthly reset...
[PC Reset] Already reset this month, skipping.
[PC Reset] Checking monthly reset...
[PC Reset] Already reset this month, skipping.
[PC Reset] Checking monthly reset...
[PC Reset] Already reset this month, skipping.
[PC Reset] Checking monthly reset...
[PC Reset] Already reset this month, skipping.
[PC Reset] Checking monthly reset...
[PC Reset] Already reset this month, skipping.
[PC Reset] Checking monthly reset...
[PC Reset] Already reset this month, skipping.
[PC Reset] Checking monthly reset...
[PC Reset] Already reset this month, skipping.
[PC Reset] Checking monthly reset...
[PC Reset] Already reset this month, skipping.
[PC Reset] Checking monthly reset...
[PC Reset] Already reset this month, skipping.
[PC Reset] Checking monthly reset...
[PC Reset] Already reset this month, skipping.
❌ BO notification email error: Invalid login: 535-5.7.8 Username and Password not accepted. For more information, go to
535 5.7.8  https://support.google.com/mail/?p=BadCredentials 5a478bee46e88-328713b0451sm42746560eec.16 - gsmtp 
[PC Reset] Checking monthly reset...
[PC Reset] Already reset this month, skipping.
npm error Lifecycle script `dev` failed with error:
npm error code 143
npm error path /Users/hackercode/Downloads/pro/apps/backend
npm error workspace @promogames/backend@1.0.0
npm error location /Users/hackercode/Downloads/pro/apps/backend
npm error command failed
npm error command sh -c nodemon server.js
